
> test:run
> vitest run


[1m[30m[46m RUN [49m[39m[22m [36mv4.1.8 [39m[90m/app[39m

 [31m❯[39m src/unitTests/Logins.test.js [2m([22m[2m0 test[22m[2m)[22m

[2m Test Files [22m [1m[31m1 failed[39m[22m[90m (1)[39m
[2m      Tests [22m [2mno tests[22m
[2m   Start at [22m 16:54:04
[2m   Duration [22m 190ms[2m (transform 17ms, setup 0ms, import 0ms, tests 0ms, environment 0ms)[22m

